Copyright 1986-2020 Xilinx, Inc. All Rights Reserved.
-------------------------------------------------------------------------------------------------------------------------------------------------------
| Tool Version     : Vivado v.2020.2 (lin64) Build 3064766 Wed Nov 18 09:12:47 MST 2020
| Date             : Mon Mar  6 17:06:14 2023
| Host             : y running 64-bit Ubuntu 18.04.6 LTS
| Command          : report_power -file top_wrapper_power_routed.rpt -pb top_wrapper_power_summary_routed.pb -rpx top_wrapper_power_routed.rpx
| Design           : top_wrapper
| Device           : xc7z020clg484-1
| Design State     : routed
| Grade            : commercial
| Process          : typical
| Characterization : Production
-------------------------------------------------------------------------------------------------------------------------------------------------------

Power Report

Table of Contents
-----------------
1. Summary
1.1 On-Chip Components
1.2 Power Supply Summary
1.3 Confidence Level
2. Settings
2.1 Environment
2.2 Clock Constraints
3. Detailed Reports
3.1 By Hierarchy

1. Summary
----------

+--------------------------+--------------+
| Total On-Chip Power (W)  | 2.923        |
| Design Power Budget (W)  | Unspecified* |
| Power Budget Margin (W)  | NA           |
| Dynamic (W)              | 2.726        |
| Device Static (W)        | 0.197        |
| Effective TJA (C/W)      | 11.5         |
| Max Ambient (C)          | 51.3         |
| Junction Temperature (C) | 58.7         |
| Confidence Level         | Medium       |
| Setting File             | ---          |
| Simulation Activity File | ---          |
| Design Nets Matched      | NA           |
+--------------------------+--------------+
* Specify Design Power Budget using, set_operating_conditions -design_power_budget <value in Watts>


1.1 On-Chip Components
----------------------

+--------------------------+-----------+----------+-----------+-----------------+
| On-Chip                  | Power (W) | Used     | Available | Utilization (%) |
+--------------------------+-----------+----------+-----------+-----------------+
| Clocks                   |     0.102 |        6 |       --- |             --- |
| Slice Logic              |     0.295 |    87412 |       --- |             --- |
|   LUT as Logic           |     0.268 |    38338 |     53200 |           72.06 |
|   CARRY4                 |     0.011 |     2119 |     13300 |           15.93 |
|   Register               |     0.009 |    28533 |    106400 |           26.82 |
|   LUT as Distributed RAM |     0.003 |     4136 |     17400 |           23.77 |
|   F7/F8 Muxes            |     0.002 |      901 |     53200 |            1.69 |
|   LUT as Shift Register  |     0.001 |      466 |     17400 |            2.68 |
|   Others                 |     0.000 |     4076 |       --- |             --- |
| Signals                  |     0.443 |    70447 |       --- |             --- |
| Block RAM                |     0.038 |    101.5 |       140 |           72.50 |
| MMCM                     |     0.105 |        1 |         4 |           25.00 |
| DSPs                     |     0.169 |      219 |       220 |           99.55 |
| PS7                      |     1.573 |        1 |       --- |             --- |
| Static Power             |     0.197 |          |           |                 |
| Total                    |     2.923 |          |           |                 |
+--------------------------+-----------+----------+-----------+-----------------+


1.2 Power Supply Summary
------------------------

+-----------+-------------+-----------+-------------+------------+-------------+-------------+------------+
| Source    | Voltage (V) | Total (A) | Dynamic (A) | Static (A) | Powerup (A) | Budget (A)  | Margin (A) |
+-----------+-------------+-----------+-------------+------------+-------------+-------------+------------+
| Vccint    |       1.000 |     1.077 |       1.045 |      0.032 |       NA    | Unspecified | NA         |
| Vccaux    |       1.800 |     0.079 |       0.058 |      0.021 |       NA    | Unspecified | NA         |
| Vcco33    |       3.300 |     0.000 |       0.000 |      0.000 |       NA    | Unspecified | NA         |
| Vcco25    |       2.500 |     0.000 |       0.000 |      0.000 |       NA    | Unspecified | NA         |
| Vcco18    |       1.800 |     0.000 |       0.000 |      0.000 |       NA    | Unspecified | NA         |
| Vcco15    |       1.500 |     0.000 |       0.000 |      0.000 |       NA    | Unspecified | NA         |
| Vcco135   |       1.350 |     0.000 |       0.000 |      0.000 |       NA    | Unspecified | NA         |
| Vcco12    |       1.200 |     0.000 |       0.000 |      0.000 |       NA    | Unspecified | NA         |
| Vccaux_io |       1.800 |     0.000 |       0.000 |      0.000 |       NA    | Unspecified | NA         |
| Vccbram   |       1.000 |     0.015 |       0.003 |      0.012 |       NA    | Unspecified | NA         |
| MGTAVcc   |       1.000 |     0.000 |       0.000 |      0.000 |       NA    | Unspecified | NA         |
| MGTAVtt   |       1.200 |     0.000 |       0.000 |      0.000 |       NA    | Unspecified | NA         |
| MGTVccaux |       1.800 |     0.000 |       0.000 |      0.000 |       NA    | Unspecified | NA         |
| Vccpint   |       1.000 |     0.775 |       0.726 |      0.049 |       NA    | Unspecified | NA         |
| Vccpaux   |       1.800 |     0.084 |       0.074 |      0.010 |       NA    | Unspecified | NA         |
| Vccpll    |       1.800 |     0.017 |       0.014 |      0.003 |       NA    | Unspecified | NA         |
| Vcco_ddr  |       1.500 |     0.459 |       0.457 |      0.002 |       NA    | Unspecified | NA         |
| Vcco_mio0 |       1.800 |     0.003 |       0.002 |      0.001 |       NA    | Unspecified | NA         |
| Vcco_mio1 |       1.800 |     0.002 |       0.001 |      0.001 |       NA    | Unspecified | NA         |
| Vccadc    |       1.800 |     0.020 |       0.000 |      0.020 |       NA    | Unspecified | NA         |
+-----------+-------------+-----------+-------------+------------+-------------+-------------+------------+


1.3 Confidence Level
--------------------

+-----------------------------+------------+------------------------------------------------+------------------------------------------------------------------------------------------------------------+
| User Input Data             | Confidence | Details                                        | Action                                                                                                     |
+-----------------------------+------------+------------------------------------------------+------------------------------------------------------------------------------------------------------------+
| Design implementation state | High       | Design is routed                               |                                                                                                            |
| Clock nodes activity        | High       | User specified more than 95% of clocks         |                                                                                                            |
| I/O nodes activity          | High       | User specified more than 95% of inputs         |                                                                                                            |
| Internal nodes activity     | Medium     | User specified less than 25% of internal nodes | Provide missing internal nodes activity with simulation results or by editing the "By Resource Type" views |
| Device models               | High       | Device models are Production                   |                                                                                                            |
|                             |            |                                                |                                                                                                            |
| Overall confidence level    | Medium     |                                                |                                                                                                            |
+-----------------------------+------------+------------------------------------------------+------------------------------------------------------------------------------------------------------------+


2. Settings
-----------

2.1 Environment
---------------

+-----------------------+------------------------+
| Ambient Temp (C)      | 25.0                   |
| ThetaJA (C/W)         | 11.5                   |
| Airflow (LFM)         | 250                    |
| Heat Sink             | none                   |
| ThetaSA (C/W)         | 0.0                    |
| Board Selection       | medium (10"x10")       |
| # of Board Layers     | 8to11 (8 to 11 Layers) |
| Board Temperature (C) | 25.0                   |
+-----------------------+------------------------+


2.2 Clock Constraints
---------------------

+--------------------------+--------------------------------------------------------+-----------------+
| Clock                    | Domain                                                 | Constraint (ns) |
+--------------------------+--------------------------------------------------------+-----------------+
| clk_fpga_0               | top_i/processing_system7_0/inst/FCLK_CLK0              |            20.0 |
| clk_fpga_0               | top_i/processing_system7_0/inst/FCLK_CLK_unbuffered[0] |            20.0 |
| clk_out1_top_clk_wiz_0_0 | top_i/clk_wiz_0/inst/clk_out1_top_clk_wiz_0_0          |            10.0 |
| clkfbout_top_clk_wiz_0_0 | top_i/clk_wiz_0/inst/clkfbout_top_clk_wiz_0_0          |            20.0 |
+--------------------------+--------------------------------------------------------+-----------------+


3. Detailed Reports
-------------------

3.1 By Hierarchy
----------------

+--------------------------+-----------+
| Name                     | Power (W) |
+--------------------------+-----------+
| top_wrapper              |     2.726 |
|   top_i                  |     2.726 |
|     axi_mem_intercon     |     0.001 |
|       s00_couplers       |     0.001 |
|     axi_mem_intercon_1   |     0.001 |
|       s00_couplers       |     0.001 |
|     axi_mem_intercon_2   |     0.001 |
|       s00_couplers       |     0.001 |
|     axi_mem_intercon_3   |     0.001 |
|       s00_couplers       |     0.001 |
|     clk_wiz_0            |     0.106 |
|       inst               |     0.106 |
|     processing_system7_0 |     1.575 |
|       inst               |     1.575 |
|     ps7_0_axi_periph     |     0.005 |
|       s00_couplers       |     0.005 |
|     top_0                |     1.035 |
|       inst               |     1.035 |
+--------------------------+-----------+


